// Jest Snapshot v1, https://goo.gl/fbAQLP

exports[`DataTable.TableToolbarAction should render 1`] = `
<TableToolbarAction
  className="custom-class"
  icon={
    Object {
      "height": "16",
      "id": "icon--add--solid",
      "name": "icon--add--solid",
      "styles": "",
      "svgData": Object {
        "circles": "",
        "ellipses": "",
        "paths": Array [
          Object {
            "d": "M7 7H4v2h3v3h2V9h3V7H9V4H7v3zm1 9A8 8 0 1 1 8 0a8 8 0 0 1 0 16z",
          },
        ],
        "polygons": "",
        "polylines": "",
        "rects": "",
      },
      "tags": "icon--add--solid",
      "viewBox": "0 0 16 16",
      "width": "16",
    }
  }
  iconDescription="Add"
>
  <button
    className="custom-class bx--toolbar-action"
    title="Add"
  />
</TableToolbarAction>
`;
