// Jest Snapshot v1, https://jestjs.io/docs/snapshot-testing

exports[`@carbon/pictograms-react should not update exports without a semver change 1`] = `
[
  "AcceleratedComputing",
  "AcceleratingTransformation",
  "AccessManagement",
  "Accessibility",
  "ActiveServer",
  "AdTech",
  "AddDevice",
  "AddDocument",
  "AdvancedFraudProtection",
  "AdvancedThreats",
  "Advocate",
  "AdvocateMask",
  "AedDefibrillator",
  "Agile",
  "AgileCoaching",
  "Agility",
  "AgilityWithHybridMulticloud",
  "Agility_02",
  "Agriculture",
  "AhmedabadJamaMasjid",
  "AhmedabadSabarmatiAshram",
  "Ai",
  "AiEthics",
  "AiExplainability",
  "AiGovernanceLifecycleFactsheet",
  "AiGovernanceModel",
  "AiGovernanceModelTuned",
  "AiGovernancePrompt",
  "AiPrivacy",
  "AiReady",
  "AiRobustness",
  "AiTransparency",
  "AiTrust",
  "AirConditioner",
  "Airplane",
  "Airport",
  "Alarm",
  "Albatross",
  "AlchemyDataNews",
  "AlchemyLanguage",
  "AlchemyVision",
  "Alien",
  "Americas",
  "AmsterdamCanal",
  "AmsterdamFarm",
  "AmsterdamWindmill",
  "Analytics",
  "Analytics_02",
  "Analyze",
  "AnalyzeCode",
  "AnalyzesData",
  "AnalyzingContainers",
  "Android",
  "AnonymousUsers",
  "Apartment",
  "Api",
  "ApiLifecycle",
  "ApiManagement",
  "AppDeveloper",
  "AppModernization",
  "Apple",
  "Application",
  "ApplicationIntegration",
  "ApplicationPlatform",
  "ApplicationSecurity",
  "Apps",
  "Archive",
  "ArgentinaObelisk",
  "ArtTools_01",
  "AsiaAustralia",
  "Assess",
  "AssessmentUsed",
  "AssetManagement",
  "Assets",
  "Astronaut",
  "Atlanta",
  "AudioData",
  "AuditTrail",
  "AugmentedReality",
  "Austin",
  "AustinTexas",
  "AutomateModularManagement",
  "Automated",
  "AutomationDecision",
  "AutomationSoftware",
  "Automobile",
  "Availability",
  "B2bCommerce",
  "BabyBottle",
  "BackUpAndRestore",
  "Backpack",
  "Badge",
  "Bag",
  "Balanced",
  "Balloon",
  "BalloonHotAir",
  "Bangalore",
  "Banking",
  "Barcelona",
  "BareMetal",
  "BaselMunster",
  "BaselTownHall",
  "BatHanging",
  "Bat_01",
  "Bat_02",
  "Bee",
  "BeijingMunicipal",
  "BeijingTower",
  "BentoBoxTray",
  "BerlinBrandenburgGate",
  "BerlinCathedral",
  "BerlinTower",
  "BeverageCarton",
  "Bicycle",
  "BigData",
  "Binocular",
  "BirthdayCake",
  "Blender",
  "BlochSphere",
  "Blockchain",
  "Blockchain_02",
  "Bluepages",
  "BostonZakimBridge",
  "BoxPlot",
  "Briefcase",
  "Broom",
  "BucharestNationalTheatre",
  "BucharestRomanianAthenaeum",
  "Budapest",
  "BudapestCitadella",
  "BudapestCorvin7",
  "BudapestHungarianAutoClub",
  "BudapestLabSkyline",
  "BugVirusMalware",
  "Build",
  "BuildAndDeployPipeline",
  "BuildApplicationsAnywhere",
  "BuildLeadershipAndCulture",
  "Building",
  "Bulldozer",
  "Burger",
  "Bus",
  "BusinessAnalytics",
  "BusinessContinuity",
  "BusinessContinuity_02",
  "CLanguage",
  "CPlusPlusLanguage",
  "CactusFlower",
  "Cactus_01",
  "Cactus_02",
  "Cafe",
  "CairoGizaPlateau",
  "CairoGizaSphinx",
  "Calendar",
  "CalendarDate",
  "CalendarEvent",
  "Camera",
  "CanadaMapleLeaf",
  "Canary",
  "Candy",
  "Capitol",
  "Carbon",
  "CarbonForCloud",
  "CarbonForIbmDotcom",
  "CarbonForIbmProduct",
  "Cardboard",
  "Care",
  "CargoCrane",
  "CargoShip",
  "Cat_01",
  "Cell",
  "Champagne",
  "ChartArea",
  "ChartBar",
  "ChartBubble",
  "ChartBubbleLine",
  "ChartCandlestick",
  "ChartCustom",
  "ChartDonut",
  "ChartErrorBar",
  "ChartEvaluation",
  "ChartHighLow",
  "ChartHistogram",
  "ChartLine",
  "ChartLollipop",
  "ChartMultiLine",
  "ChartMultiType",
  "ChartParallel",
  "ChartPie",
  "ChartPredictiveAnalyticsBar",
  "ChartPredictiveAnalyticsLine",
  "ChartQuadrantPlot",
  "ChartRadar",
  "ChartRiver",
  "ChartScatterplot",
  "ChartScreePlot",
  "ChartStepper",
  "ChartSunburst",
  "ChartTSne",
  "ChartTwoYAxis",
  "Chart_3D",
  "Cheese",
  "Cherries",
  "Chicago",
  "ChileEasterIsland",
  "ChileHandOfTheDesert",
  "ChipCircuit",
  "ChipCredit",
  "ChipDebit",
  "ChooseHowToGetStarted",
  "CicsConfigurationManagerForZOs",
  "CicsDeploymentAssistant",
  "CicsExplorer",
  "CicsInterdependencyAnalyzerForZOs",
  "CicsPerformanceAnalyzerForZOs",
  "CicsTransactionGateway",
  "CicsTransactionServerForZOs",
  "CicsTx",
  "CicsVsamRecoveryForZOs",
  "CicsVsamTransparencyForZOs",
  "CirclePacking",
  "Cleat",
  "ClientFinancing_01",
  "ClientFinancing_02",
  "ClientSupport",
  "ClothesRack_01",
  "ClothesRack_02",
  "Cloud",
  "CloudAnalytics",
  "CloudAssets",
  "CloudBuilderProfessionalServices",
  "CloudComputing",
  "CloudDataServices",
  "CloudDownload",
  "CloudEcosystem",
  "CloudGuidelines",
  "CloudInfrastructureManagement",
  "CloudIntegration",
  "CloudManagedServices",
  "CloudNative_01",
  "CloudNative_02",
  "CloudNative_03",
  "CloudObjectStorage",
  "CloudOracle",
  "CloudPakFamily",
  "CloudPakForApplications",
  "CloudPakForBusinessAutomation",
  "CloudPakForData",
  "CloudPakForIntegration",
  "CloudPakForMulticloudManagement",
  "CloudPakForNetworkAutomation",
  "CloudPakForSecurity",
  "CloudPakSystem",
  "CloudPartners",
  "CloudPlanning",
  "CloudPlatform",
  "CloudPrivate",
  "CloudSap",
  "CloudServices",
  "CloudServicesPricing",
  "CloudStorage",
  "CloudStrategy",
  "CloudTutorials",
  "CloudUpload",
  "CloudVmware",
  "Cloudy",
  "CloudyDewy",
  "CloudyHazy",
  "CloudyHumid",
  "CloudyPartial",
  "CloudyWindy",
  "Cluster",
  "CoatHanger",
  "CobolLanguage",
  "Code",
  "CodeConversion",
  "CodeExplanation",
  "CodeGeneration",
  "CodeGenerationChat",
  "CodeGenerationInline",
  "CodeReverseEngineering",
  "CodeSyntax",
  "CognosAnalytics",
  "CollaborateWithTeams",
  "Collaboration",
  "College",
  "ColombiaCathedralOfLasLajas",
  "ColorContrast",
  "Colors",
  "CommercialFinancing_01",
  "CommercialFinancing_02",
  "Compliant",
  "ComposerEdit",
  "Compost",
  "CompostBin",
  "Compute",
  "ConceptExpansion",
  "ConceptInsights",
  "ConditionBuilder",
  "Condor",
  "ConfidentialComputing",
  "Connect",
  "ConnectApplications",
  "ConnectToCloud",
  "ConnectedDevices",
  "ConnectedEcosystem",
  "ConnectedNodesToTheCloud",
  "Connectivity",
  "Console",
  "ConsoleWireless",
  "Constellation",
  "Construct",
  "ConstructionWorker",
  "ConstructionWorkerMask",
  "ConsumerEngagementFoodJourney",
  "Container",
  "ContainerMicroservices",
  "ContainerizedApplications",
  "Containers",
  "ContainersAndCloudNative",
  "Containers_02",
  "ContentDeliveryNetwork",
  "ContentDesign",
  "Continuous",
  "ContinuousDelivery",
  "ContinuousIntegration",
  "ContinuousSecurity",
  "Contract",
  "Control",
  "ControlPanel",
  "ControlTower",
  "ControlsFramework",
  "Conversation",
  "Cookie",
  "CopenhagenPlanetarium",
  "CopenhagenSnekkja",
  "Coronavirus",
  "Coupon",
  "Cow",
  "CowboyBoot",
  "CowboyHat",
  "CreditCard",
  "Crop",
  "Crossbill",
  "Crosshairs",
  "Cupcake",
  "CurveCubic",
  "CurveExponential",
  "CurveInverse",
  "CurveLinear",
  "CurveLogarithmic",
  "CurveLogistic",
  "CurvePower",
  "CurveQuadratic",
  "CustomReports",
  "CustomWorkloads",
  "CustomerService",
  "Customizable",
  "Cybersecurity",
  "DallasReunionTower",
  "DallasSkyline",
  "Dashboard",
  "DataApis",
  "DataBackup",
  "DataCenters",
  "DataInsights",
  "DataManagement",
  "DataManagement_02",
  "DataManagement_03",
  "DataPrivacy",
  "DataPrivacyKey",
  "DataPrivacy_02",
  "DataProcessing",
  "DataProtectionDataSecurity",
  "DataScience",
  "DataScience_02",
  "DataScientist",
  "DataSecurity",
  "DataSet",
  "DataStorage",
  "DataStore",
  "DataTransfer",
  "DataWarehousing",
  "Database",
  "Db2",
  "DecisionVelocity",
  "DedicatedHost",
  "DedicatedInstance",
  "DeepLearning",
  "DeepLearning_02",
  "DeepLearning_03",
  "Delete",
  "DeliverInsights",
  "Delivered",
  "DeliveryTruck",
  "DeployingContainers",
  "Deployment",
  "Design",
  "DesignAndDevelopment_01",
  "DesignAndDevelopment_02",
  "DesignLeadership",
  "DesignResearch",
  "DesignSystemAlignment",
  "DesignThinkingTeam",
  "Desktop",
  "Destination",
  "DetectAndStopAdvancingThreats",
  "DevAndTest",
  "DeveloperTools",
  "DeveloperZOs",
  "DevicePairing",
  "DevicesAtIbm",
  "Devops",
  "DevopsLoop_01",
  "DevopsLoop_02",
  "DevopsToolchain",
  "Devops_02",
  "Dialogue",
  "Digital",
  "DigitalId",
  "DigitalTrust",
  "Dining",
  "Directlink",
  "DisasterRecovery",
  "DistributionLedger",
  "Dna",
  "DoNot",
  "DoNotStep",
  "DoNot_02",
  "Docker",
  "Doctor",
  "DoctorPatient",
  "DocumentConversion",
  "DocumentSecurity",
  "DocumentSecurity_02",
  "Documentation",
  "DogWalking",
  "Dog_01",
  "Dog_02",
  "DoorHandle",
  "Download_01",
  "Download_02",
  "DragAndDropInterface",
  "Dropper",
  "DubaiPalmIslands",
  "DubaiSkyscraper",
  "DublinBrewery",
  "DublinCastle",
  "DuplicateFile",
  "DynamicWorkloads",
  "ECommerce",
  "Eagle",
  "Earth",
  "EaseOfUse",
  "Ecosystem",
  "EcuadorQuito",
  "Edge",
  "EdgeComputing",
  "Education",
  "Efficient",
  "EhningenTechCampus_01",
  "EhningenTechCampus_02",
  "Electric",
  "ElectricCar",
  "ElectricCharge",
  "ElementsOfTheCloud",
  "Elevator",
  "Embed",
  "EmergencyExit",
  "Emissions",
  "EmployeeInsights",
  "Encryption",
  "Encryption_02",
  "EndpointProtection",
  "EnergyCrisis",
  "EngagementInclusion_01",
  "EngagementInclusion_02",
  "Engine",
  "Engineer",
  "EnsureDataQuality",
  "Enterprise",
  "EnterpriseDesignThinking_01",
  "EnterpriseDesignThinking_02",
  "EnterpriseMessaging",
  "Envelope",
  "EpinephrineAutoInjectors",
  "ErlenmeyerFlask",
  "EscalatorDown",
  "EscalatorUp",
  "EsgReporting_01",
  "EsgReporting_02",
  "EuropeAfrica",
  "EventAutomation",
  "EventDriven",
  "EventEndpointManagement",
  "EventProcessing",
  "EventStreams",
  "EventStreams_02",
  "ExpandHorz",
  "ExpandUser",
  "ExpandVert",
  "Expansion",
  "Export_01",
  "Export_02",
  "ExtendTheDataCenter",
  "Extensible",
  "ExtractText",
  "Eye",
  "EyewashStation",
  "F1Car_01",
  "F1Car_02",
  "F1Grid",
  "F1PitStopTrafficLight",
  "F1Race",
  "F1SteeringWheel",
  "FaceDissatisfied",
  "FaceMelting",
  "FaceNeutral",
  "FaceSatisfied",
  "FaceVeryDissatisfied",
  "FaceVerySatisfied",
  "Factory",
  "Fairness",
  "Falcon",
  "Farm_01",
  "Farm_02",
  "Farmer_01",
  "Farmer_02",
  "Fast",
  "FasterInnovationWithPartners",
  "Faucet",
  "FaultTolerant",
  "Feedback_01",
  "Feedback_02",
  "FileBackup",
  "FileTransfer",
  "FilterAndGroupData",
  "FilterVariable",
  "FinanceAndOperations",
  "FinanceAndSupplyChain",
  "FinanceStrategy",
  "FinancialConsultant",
  "FinancialGain",
  "FinancialNetworks",
  "FinancialNews",
  "FinancialServices",
  "FireAlarm",
  "FireExtinguisher",
  "FireHose",
  "Firecracker",
  "Firefighter",
  "Firewall",
  "FirstAid",
  "Flag",
  "Flamingo",
  "FlashStorage",
  "FlashingContent",
  "Flexibility",
  "Flexibility_02",
  "Flexible",
  "FlexibleCompute",
  "FlexibleInfrastructure",
  "FlowChart",
  "FlowChartDetail",
  "Flower_01",
  "Flower_02",
  "FocusOnCode",
  "FocusRoom",
  "Fog",
  "Folder",
  "FoodTruck",
  "Football",
  "FootballField",
  "FootballGoalPost",
  "FootballPose",
  "Forecasting",
  "Forklift",
  "FoundationModel",
  "FountainDrinking",
  "Fragile",
  "FreeTrial",
  "FrontEndDevelopment",
  "FrostTower",
  "FrozenPipe",
  "Fuel",
  "FullyManaged",
  "FunctionsAsAService",
  "GastroHealth",
  "Gear",
  "GenerateAi",
  "GenerateCode",
  "GeodesicMontrealBiosphere",
  "GeographicFlexibility",
  "GetAheadOfRiskAndCompliance",
  "Gift",
  "GlassBottle",
  "GlassBottleAndMetalCan",
  "GlobalAnalytics",
  "GlobalAssetsAndRecovery_01",
  "GlobalAssetsAndRecovery_02",
  "GlobalBusinessServices",
  "GlobalCurrency",
  "GlobalCurrency_02",
  "GlobalExchange",
  "GlobalFinanceEuro",
  "GlobalFinanceNetwork",
  "GlobalFinanceSterling",
  "GlobalFootprint",
  "GlobalInfrastructure",
  "GlobalMarkets",
  "GlobalMarketsBar",
  "GlobalNetwork",
  "GlobalPartner",
  "GlobalSecurity",
  "GlobalStrategy",
  "GlobalTechnologyServices",
  "Globe",
  "GlobeLocations",
  "GoLanguage",
  "Goals",
  "GolfBag",
  "GolfBall",
  "GolfCart",
  "GolfClub",
  "GolfHole",
  "GolfPose_01",
  "GolfPose_02",
  "GovernUsersAndIdentities",
  "Governance",
  "Government_01",
  "Government_02",
  "GpuComputing",
  "Gramophone",
  "GraphicDesign",
  "GraphicIntensiveWorkloads",
  "GreenEnergy",
  "GreenIt_01",
  "GreenIt_02",
  "Group",
  "Growth",
  "GrowthMindset",
  "GuadalajaraSeal",
  "Guitar",
  "Hail",
  "HailHeavy",
  "HailMixed",
  "HalfNote",
  "HamburgPhilharmone",
  "Handicap",
  "HandicapActive",
  "Handshake",
  "HardDrive",
  "HardDriveNetwork",
  "HardIceCream",
  "HardPrompt",
  "Hazy",
  "Headphones",
  "Headset",
  "Health",
  "Healthcare",
  "Heart",
  "HeartHealth",
  "HeatMap_01",
  "HeatMap_02",
  "Helmet",
  "HelmetFootball",
  "HelpDesk",
  "Heron",
  "HighFive",
  "HighPerformance",
  "HighPerformanceComputing",
  "HighRiskUsers",
  "HighSpeedDataTransport",
  "HighVolumeData",
  "HighlyAvailable",
  "Hiking",
  "Hills",
  "HomeFront",
  "HomeGarage",
  "HomeProfile",
  "HongKong",
  "HongKongCityscape",
  "Horse",
  "Hospital",
  "Hpi",
  "HumanInTheLoop",
  "Humid",
  "Hummingbird",
  "Hurricane",
  "HybridCloud",
  "HybridCloudInfrastructure",
  "HybridCloudServices",
  "HybridCloud_02",
  "HybridCloud_03",
  "HybridItManagement",
  "HyperProtect",
  "HyperProtectContainers",
  "HyperProtectCryptoService",
  "HyperProtectDatabaseAsAService",
  "HyperProtectVirtualServers",
  "IbmAutomationPlatform",
  "IbmCloud",
  "IbmElm",
  "IbmElmDcc",
  "IbmElmGcm",
  "IbmElmInsights",
  "IbmElmMethodComposer",
  "IbmElmPublishing",
  "IbmElmReporting",
  "IbmEngineeringRequirementDoors",
  "IbmEngineeringSystemsDesignRhapsody",
  "IbmEngineeringSystemsDesignRhapsodyModelManager",
  "IbmEngineeringTestManagement",
  "IbmEngineeringWorkflowManagement",
  "IbmGranite",
  "IbmIbv",
  "IbmIx",
  "IbmMachineLearningForZOs",
  "IbmOneMadisonAvenue",
  "IbmPower11",
  "IbmRpa",
  "IbmUkLabsHursley",
  "IbmZ",
  "IbmZ16",
  "IbmZ16MultiFrame",
  "IbmZ16PlusCloud",
  "IbmZ16SingleFrame",
  "IbmZ17",
  "IbmZ17MultiFrame",
  "IbmZ17PlusCloud",
  "IbmZ17SingleFrame",
  "IbmZAndCloudModernizationStack",
  "IbmZAndCloudModernizationStackProvisioning",
  "IbmZAndLinuxoneMultiFrame",
  "IbmZAndLinuxoneSingleFrame",
  "IbmZOpenAutomationUtilities",
  "IbmZOpenEnterpriseLanguages",
  "IbmZOsContainerPlatform",
  "IbmZOsPackageManager",
  "IbmZPartition",
  "Icon",
  "IdBadge",
  "Idea",
  "Ideate",
  "IdentifyAndAccess",
  "IdentifyAndResolveIssues",
  "IdentityTrustAssessment",
  "IncidentReporter",
  "IndiaSouthAsia",
  "InfrastructureAsAService",
  "InfrastructureSecurity",
  "InnerSource",
  "Innovate",
  "Insights",
  "InspectData",
  "Install",
  "Insurance",
  "Insurance_02",
  "Integration",
  "Integration_02",
  "Integration_03",
  "Intelligence",
  "IntelligentInfrastructure",
  "Intercom",
  "InternetOfThings",
  "InternetOfThings_02",
  "InternetOfThings_03",
  "Invoice",
  "IotMunich",
  "ItInfrastructure",
  "ItInfrastructureSoftware",
  "JapanMtFuji",
  "Java",
  "Java_02",
  "Javascript",
  "Juice",
  "Justice",
  "KeepDry",
  "KeepYourOwnKey",
  "KeyLifecycle",
  "KeyUsers",
  "Keyboard",
  "Keystores",
  "KeystoresExternal",
  "KnowsDarkData",
  "KochiHouseboat",
  "Kookaburra",
  "KualaLumpur",
  "Kubernetes",
  "KubernetesPod",
  "LandingPage",
  "LanguageTranslation",
  "Language_01",
  "Language_02",
  "Language_03",
  "Language_04",
  "Language_05",
  "Lantern",
  "Launch",
  "Leader",
  "Leadership",
  "Library",
  "LiftAndShift",
  "Lightning",
  "Limes",
  "Link",
  "Linux",
  "Linuxone_5",
  "Liquids",
  "ListBullet",
  "ListCheckbox",
  "Literature",
  "LoadBalancer",
  "Location",
  "Lock_01",
  "Lock_02",
  "LockedNetwork_01",
  "LockedNetwork_02",
  "Lockers",
  "London",
  "LondonBigBen",
  "Longhorn",
  "Loon",
  "LoopHearing",
  "Love",
  "LoweringRisk",
  "Luggage",
  "Lungs",
  "MachineLearningModel",
  "MachineLearning_01",
  "MachineLearning_02",
  "MachineLearning_03",
  "MachineLearning_04",
  "MachineLearning_05",
  "MachineLearning_06",
  "MachineLearning_07",
  "MadridCathedral",
  "MadridSkyscrapers",
  "MadridStatue",
  "MagicWand",
  "Magnify",
  "MailVerse",
  "MainframeQualitiesOfService",
  "ManageApplicationsAnywhere",
  "ManagedHosting_01",
  "ManagedHosting_02",
  "Management",
  "ManagingContainers",
  "ManagingContractualFlow",
  "ManagingItems",
  "Mandolin",
  "MargaritaGlass",
  "Marketplace",
  "MartiniGlass",
  "Mas",
  "MassDataMigration",
  "MasterThreatHunting",
  "MastersLeaderBoard",
  "MathCurve",
  "Maximize",
  "McgillUniversityMorriceHall",
  "Medal_01",
  "Medal_02",
  "Medal_03",
  "MediaAndEntertainment",
  "Medical",
  "MedicalCharts",
  "MedicalStaff",
  "Melbourne",
  "MeltingIceCream",
  "Memory",
  "Messaging_01",
  "Messaging_02",
  "Messaging_03",
  "MetalCan",
  "Meter",
  "MexicoCityAngelOfIndependence",
  "MexicoCityMuseoSoumaya",
  "Micro",
  "Microorganisms",
  "Microphone",
  "Microscope",
  "Microservices",
  "Microservices_02",
  "Migrate",
  "Migration",
  "MilanDuomoDiMilano",
  "MilanSkyscrapers",
  "Minimize",
  "MissionControl",
  "Mobile",
  "MobileAdd",
  "MobileChat",
  "MobileDevelopment",
  "MobileDevices",
  "MobilePhone",
  "MobilePos_01",
  "MobilePos_02",
  "Modernize",
  "Modernize_02",
  "Monitor",
  "MonitoredItemOnConveyor",
  "MontrealOlympicStadium",
  "MoonCake",
  "MoonFull",
  "MortarAndPestle",
  "Moscow",
  "Motion",
  "MountainBiking",
  "MovementInOverlappingNetworks",
  "MovementOfGoods_01",
  "MovementOfGoods_02",
  "MovementOfGoods_03",
  "MovementOfItems",
  "MovingDolly",
  "Mqa",
  "Mri",
  "MriPatient",
  "MultiModel",
  "MulticloudComputing",
  "Multitask",
  "Mumbai",
  "Munich",
  "Music",
  "Nachos",
  "NaturalLanguageClassifier",
  "NaturalLanguageProcessing_01",
  "NaturalLanguageProcessing_02",
  "NaturalLanguageUnderstanding",
  "Network",
  "NetworkAppliances",
  "NetworkOfDevices",
  "NetworkProtection",
  "NetworkSecurity",
  "NetworkServices",
  "NetworkTraffic",
  "Network_02",
  "Networking_01",
  "Networking_02",
  "Networking_03",
  "Networking_04",
  "Networking_05",
  "Networking_06",
  "Neurodiversity",
  "NewFinancialCustomerExperiences",
  "NewRevenueStreams",
  "Nice",
  "NightClear",
  "Nighthawk",
  "NoFood",
  "NoLiquids",
  "NoParking",
  "NoSmoking",
  "NodeDotJs_01",
  "NodeDotJs_02",
  "NorthAmerica",
  "NorthernMockingbird",
  "Notifications",
  "Nuclear",
  "NycBrooklyn",
  "NycChryslerBuilding",
  "NycManhattan_01",
  "NycManhattan_02",
  "NycStatueOfLiberty",
  "NycWorldTradeCenter",
  "ObjectStorage",
  "Observability_01",
  "Observability_02",
  "Office",
  "OilLamp",
  "OilPump",
  "OilRig",
  "Okinawa",
  "OnPremise",
  "OnPremiseToCloud",
  "OnPremises_02",
  "OpenSource",
  "OperateOffline",
  "OperatingSystem",
  "OperationalEfficiency",
  "OperationalMetrics",
  "Optimize",
  "OptimizeCashFlow_01",
  "OptimizeCashFlow_02",
  "Organization",
  "Ornament",
  "OsakaTsutenkakuTower",
  "Osprey",
  "OutcomeFocused",
  "Overcast",
  "Overview",
  "Paddleboarding",
  "Paper",
  "PaperClip",
  "PaperConfidential",
  "ParisArcDeTriomphe",
  "ParisEiffelTower",
  "ParisLouvre",
  "ParisNotreDame",
  "ParisPompidouCenter",
  "Parking",
  "Parliament",
  "PartnerRelationship",
  "Partnership",
  "Path",
  "Pattern",
  "PayForWhatYouUse",
  "Pencil",
  "PeopleDancing",
  "Pepper",
  "Performance",
  "Perfume",
  "PersonSweating",
  "PersonWorking",
  "Person_01",
  "Person_02",
  "Person_03",
  "Person_04",
  "Person_05",
  "Person_06",
  "Person_07",
  "Person_08",
  "Person_09",
  "PersonalityInsights",
  "PeruMachuPicchu",
  "PetriCulture",
  "PhpLanguage",
  "PhpLanguage_02",
  "Piano",
  "PillBottle_01",
  "Pills",
  "PilotTest",
  "Pipeline",
  "Pizza",
  "PlanningAnalytics",
  "PlasticBottle",
  "Plastics",
  "PlatformAsAService",
  "PlatformAsAService_02",
  "PlayerFlow",
  "PliLanguage",
  "Podcast",
  "Police",
  "Popsicle",
  "PopsicleMelting",
  "PopulationDiagram",
  "PortlandBuilding",
  "PoughkeepsieBridge",
  "PoughkeepsieIbmClocktower",
  "PoughkeepsieMidHudsonBridge",
  "Power",
  "PowerOn",
  "PragueCharlesBridgeTower",
  "PragueDancingHouse_01",
  "PragueDancingHouse_02",
  "Predictability",
  "PredictiveAnalytics",
  "Pregnant",
  "Prepare",
  "Prescription",
  "Presentation",
  "Presenter",
  "Price",
  "Printer",
  "PrivateNetwork_01",
  "PrivateNetwork_02",
  "PrivateNetwork_03",
  "PrivateNetwork_04",
  "Process",
  "ProcessAutomation",
  "Product",
  "Productivity",
  "ProfessionalMarketplace",
  "Progress",
  "Prompt",
  "ProtectCriticalAssets",
  "ProvenTechnology",
  "Public",
  "PublicCloudToPrivateCloud",
  "PunchingBag_01",
  "PunchingBag_02",
  "PunchingBag_03",
  "Puzzle",
  "Python",
  "QQPlot",
  "Qiskit",
  "QrCode",
  "Quantum",
  "QuantumComputer",
  "QuantumComputer_02",
  "QuantumComputing",
  "QuantumSafe",
  "Question",
  "QuestionAndAnswer",
  "RLanguage",
  "RLanguageAndEnvironment",
  "Racetrack",
  "Raindrop",
  "Rainy",
  "RainyHeavy",
  "RaleighNc",
  "RandomSamples",
  "Rank",
  "ReactToData",
  "ReactiveSystems",
  "ReadOnly",
  "RealEstate",
  "RealTime",
  "Receipt",
  "Recruitment_01",
  "Recycle",
  "RecycleBin",
  "RedHatApplications",
  "RedefiningFinancialServices",
  "ReducingCost",
  "ReferenceArchitecture",
  "Refinery",
  "Refresh",
  "RelationshipDiagram",
  "RelationshipExtraction",
  "Reliability",
  "Reliability_02",
  "Renew",
  "RenewTeam",
  "Repeat",
  "Report",
  "Research",
  "ResellerPrograms",
  "Reset",
  "ResetHybridCloud",
  "ResetSettings",
  "Resilience",
  "Resilience_02",
  "ResourceHealth",
  "Resourceful",
  "Resources",
  "Retail",
  "RetailSustainable",
  "RetrieveAndRank",
  "RichTextFormat",
  "RioDeJaneiro",
  "Road",
  "RoadBiking",
  "Robot",
  "Robotics",
  "RockOn",
  "Rocket",
  "RomaniaTheGateOfTheKiss",
  "Rome",
  "RotateDevice",
  "SaasEnablement",
  "SaasIntegration",
  "Salad",
  "SalesConnect",
  "SalesforceIntegration",
  "SampleFile",
  "SanFrancisco",
  "SanFranciscoFog",
  "SaoPaulo",
  "Sap",
  "SapHana",
  "SapSuccessfactors",
  "Satellite",
  "SatelliteDish",
  "SaveTime",
  "Scalable",
  "Scale",
  "Scale_02",
  "ScalingContainers",
  "ScanCode",
  "ScatterMatrix",
  "ScientificComputing",
  "ScientificResearch",
  "Seattle",
  "SecureData",
  "SecureDevops",
  "SecureGateway",
  "SecureHybridCloud",
  "SecureProfile",
  "SecureSearch",
  "Security",
  "SecurityAsAService",
  "SecurityGroups",
  "SecurityHygiene",
  "SecurityIntelligence",
  "SecurityManagement",
  "SecurityShield",
  "SecurityVisibility",
  "Security_02",
  "Security_03",
  "SelectProduct",
  "SelectRange",
  "SelectricTypewriter",
  "Sell",
  "SeoulGyeongbokgungPalace",
  "ServerOperatingSystems",
  "ServerRack",
  "Serverless",
  "Serverless_02",
  "Serverless_03",
  "Servers",
  "ShanghaiCityscape",
  "ShanghaiOrientalPearlTower",
  "ShanghaiSkyline",
  "SharingData",
  "Shirt",
  "Shop",
  "ShoppingCart",
  "Shower",
  "Silence",
  "SiliconWafer",
  "Singapore",
  "SingleSignOn",
  "Slack",
  "SliceCode",
  "Slider",
  "SmallComponentsMakingALargerWhole",
  "SmallToMediumBusinessSmb",
  "Sneaker",
  "Snow",
  "Snowboarding",
  "Snowflake",
  "SocialDistancing",
  "SocialTile",
  "SocialWork_01",
  "SocialWork_02",
  "SocialWorker",
  "Socks",
  "SoftIceCream",
  "SoftlayerEnablement",
  "Software",
  "SoftwareDevelopment",
  "Software_02",
  "SolarField",
  "SolarPanel",
  "Solve",
  "Spaceship",
  "Speech",
  "SpeechAndEmpathy_01",
  "SpeechToText",
  "SpeedBag",
  "Speedometer",
  "SponsorUserProgram",
  "Sports",
  "Spotlight",
  "Spring",
  "Sprout",
  "Spss",
  "SpyreAccelerator",
  "SpyreAcceleratorCard",
  "StackLimitation",
  "StadiumSeats",
  "Stage",
  "Stairs",
  "StairsDown",
  "StairsPlanView",
  "StairsUp",
  "Star",
  "StartForFree",
  "StartUps",
  "StationHydration",
  "StationaryBicycle",
  "Steel",
  "SteeringWheel",
  "StemLeafPlot",
  "Stethoscope",
  "Stockholm",
  "Storage",
  "StorageAreaNetworks",
  "StorageForDataAndAi",
  "StorageForResiliency",
  "StorageProduct",
  "StorageSystems",
  "Strategy",
  "StrategyAndRisk",
  "StrategyDirect",
  "StrategyMove",
  "StrategyPlay",
  "StreamingData",
  "Streamline",
  "StreamlineOperations",
  "StuttgartTvTower",
  "Subsecond",
  "Summit",
  "Sunny",
  "SunnyHazy",
  "SupplyChainOptimization_01",
  "SupplyChainOptimization_02",
  "SupplyChain_01",
  "SupplyChain_02",
  "Support",
  "SupportServices",
  "Sustainability",
  "SustainabilityStrategy",
  "Sustainability_02",
  "Sustainability_03",
  "Sustainability_04",
  "SwiftAtIbm",
  "SwipeLeft",
  "SwipeRight",
  "SydneyMlcCentre",
  "SydneyOperaHouse",
  "Synergy",
  "Systems",
  "SystemsAndTools",
  "SystemsDevopsAnalyze",
  "SystemsDevopsBuild",
  "SystemsDevopsCicdPipeline",
  "SystemsDevopsCode",
  "SystemsDevopsDeploy",
  "SystemsDevopsMonitor",
  "SystemsDevopsPlan",
  "SystemsDevopsProvision",
  "SystemsDevopsRelease",
  "SystemsDevopsTest",
  "TShirt",
  "TabletDevice",
  "TabletDeviceCheck",
  "Taco",
  "Tags",
  "TaipeiBubbleTea",
  "TapeStorage",
  "TapeStorage_02",
  "Target",
  "TargetArea",
  "Teacher",
  "TeamAlignment",
  "TeamRadio",
  "Teammates",
  "TechnicalDocumentGeneration",
  "TechnicalOwner",
  "TelAviv",
  "Telecom",
  "Telecommunications",
  "Telemedicine",
  "TelemedicineMobile",
  "Telephone",
  "Television",
  "TelumIiChip",
  "TelumIiProcessor",
  "TemperatureHigh",
  "TemperatureLow",
  "TemporaryBadge",
  "Tennis",
  "TennisBall",
  "TennisCourt",
  "TennisNet",
  "TennisRacquet",
  "TennisScoreboard",
  "TennisServe",
  "TennisShot",
  "TennisUmpireChair",
  "TestTubes",
  "TextData",
  "TextEquivalent",
  "TextInput",
  "TextLayout",
  "TextToSpeech",
  "ThisSideUp",
  "ThreatManagement",
  "Tickets",
  "Time",
  "TimeLapse",
  "TimePlot",
  "Tire",
  "Toggle",
  "Toilet",
  "Toilet_02",
  "Toilet_03",
  "TokyoCherryBlossom",
  "TokyoGates",
  "TokyoTemple",
  "TokyoVolcano",
  "ToneAnalyzer",
  "ToolOverload",
  "Tools",
  "Tornado",
  "Toronto",
  "Touch",
  "TouchGesture",
  "TouchId",
  "TouchScreen",
  "TouchSwipe",
  "Tractor",
  "TradeoffAnalytics",
  "Train",
  "Training",
  "TransactionData",
  "TransactionalBlockchain",
  "TransactionalTrust",
  "TransformData",
  "Transform_01",
  "Transform_02",
  "TransparencyAndTrust_01",
  "TransparencyAndTrust_02",
  "Transparency_01",
  "Transparency_02",
  "TransparentSupply",
  "Trash",
  "TrashBurnable",
  "TrashContainer",
  "TrashNonBurnable",
  "TravelAndExpenses",
  "Tree",
  "TreeDiagram",
  "TreeMap",
  "Tree_02",
  "Trophy",
  "Troubleshooting",
  "Trousers",
  "Trumpet",
  "Trust",
  "Trusted",
  "TrustedUser",
  "Tunnel",
  "TwoPersonLift",
  "UfcBelt",
  "UfcFighting",
  "UfcRing",
  "UnauthorizedUserAccess",
  "UnderUtilizedSecurity",
  "UnifyEndpointManagement",
  "UnitedGovernance",
  "UniversalExperiences",
  "University",
  "Unlock_01",
  "Unlock_02",
  "UnstructuredData",
  "Upload_01",
  "Upload_02",
  "Urinal_01",
  "Urinal_02",
  "UruguayPalacioSalvo",
  "UruguaySolDeMayo",
  "UseTheLanguageOfYourChoice",
  "User",
  "UserAnalytics",
  "UserExperienceDesign",
  "UserInsights",
  "UserInterface",
  "UserMask",
  "UserProfile",
  "UserResearchTools",
  "UserSearch",
  "Vancouver",
  "Vault",
  "VenezuelaNationalPantheonOfVenezuela",
  "VideoChat",
  "VideoPlay",
  "Video_01",
  "Video_02",
  "ViewGraphsAndDashboard",
  "VinylRecord",
  "Virtual",
  "VirtualServer",
  "VirtualStorage",
  "Virtualization",
  "Virtualization_02",
  "Virus",
  "Visibility",
  "Vision",
  "Visionary",
  "VisualData",
  "VisualDesign",
  "VisualInsights",
  "VisualRecognition",
  "VisualRecognition_02",
  "WalldorfIbmInnovationStudios",
  "Warning_01",
  "Warning_02",
  "Washer",
  "WashingHands",
  "WashingtonDc",
  "WashingtonDcCapitol",
  "WashingtonDcMonument",
  "WasteElectronic",
  "WatsonLogo",
  "Watsonx",
  "WatsonxAi",
  "WatsonxAssistant",
  "WatsonxCodeAssistant",
  "WatsonxCodeAssistantForZ",
  "WatsonxCodeAssistantForZRefactor",
  "WatsonxData",
  "WatsonxGovernance",
  "WavingHand",
  "WaymoCar",
  "Weather",
  "WebBanners",
  "WebDeveloper",
  "Webcast",
  "Websites",
  "Websphere",
  "WeddingCake",
  "Wheat",
  "WheelchairUser",
  "WheelchairUserActive",
  "Whistle",
  "WhitePaper",
  "Wifi",
  "WindPower",
  "Windows",
  "WindowsHosting",
  "Windy",
  "Wine",
  "WirelessHome",
  "WirelessModem",
  "WordCloud",
  "Workday",
  "Workflows",
  "WorldCommunityGrid",
  "WreckingBall",
  "XRay_01",
  "XRay_02",
  "Yoga_01",
  "Yoga_02",
  "Yoga_03",
  "Yoga_04",
  "ZeroTrust",
  "Zurich",
  "ZurichSwissNationalMuseum",
]
`;
